   Compiling ruthe v0.1.0 (/Users/kisaczka/Desktop/code/ruthe)
warning: method `mark_all_envs` is never used
   --> src/lib.rs:464:8
    |
387 | impl<const N: usize> Interpreter<N> {
    | ----------------------------------- method in this implementation
...
464 |     fn mark_all_envs(&self) {
    |        ^^^^^^^^^^^^^
    |
    = note: `#[warn(dead_code)]` (part of `#[warn(unused)]`) on by default

warning: `ruthe` (lib test) generated 1 warning (1 duplicate)
warning: `ruthe` (lib) generated 1 warning
    Finished `release` profile [optimized] target(s) in 0.80s
     Running unittests src/lib.rs (target/release/deps/ruthe-6a61844809290a22)

running 0 tests

test result: ok. 0 passed; 0 failed; 0 ignored; 0 measured; 0 filtered out; finished in 0.00s

     Running tests/tests.rs (target/release/deps/tests-c2e09e891a675fcc)

running 50 tests
test test_addition ... ok
test test_append ... ok
test test_booleans ... ok
test test_car ... ok
test test_cdr ... ok
test test_closure ... ok
test test_comments ... ok
test test_cons ... ok
test test_cons_predicate ... ok
test test_define_expression ... ok
test test_define_list ... ok
test test_define_number ... ok
test test_division ... ok
test test_empty_list ... ok
test test_equality ... ok
test test_factorial ... ok
test test_filter ... ok
test test_greater_than ... ok
test test_if_false ... ok
test test_if_nil_is_false ... ok
test test_fibonacci ... FAILED
test test_if_nonzero_is_true ... ok
test test_if_true ... ok
test test_invalid_function_call ... ok
test test_lambda_application ... ok
test test_lambda_creation ... ok
test test_lambda_multiple_params ... ok
test test_lambda_parameter_shadowing ... ok
test test_lambda_with_define ... ok
test test_length ... ok
test test_less_than ... ok
test test_list_creation ... ok
test test_list_sum ... ok
test test_map ... ok
test test_multiplication ... ok
test test_negative_numbers ... ok
test test_nested_arithmetic ... ok
test test_nested_if ... ok
test test_nested_lambda ... ok
test test_nested_lists ... ok
test test_null_predicate ... ok
test test_quote ... ok
test test_reverse ... ok
test test_subtraction ... ok
test test_symbol_names ... ok
test test_type_errors ... ok
test test_unbound_symbol ... ok
test test_wrong_argument_count ... ok
test test_tail_recursion ... FAILED
test test_zero_operations ... ok

failures:

---- test_fibonacci stdout ----

thread 'test_fibonacci' (68709214) panicked at tests/tests.rs:460:57:
called `Result::unwrap()` on an `Err` value: "Unbound symbol"
note: run with `RUST_BACKTRACE=1` environment variable to display a backtrace

---- test_tail_recursion stdout ----

thread 'test_tail_recursion' (68709243) panicked at tests/tests.rs:482:58:
called `Result::unwrap()` on an `Err` value: "Unbound symbol"


failures:
    test_fibonacci
    test_tail_recursion

test result: FAILED. 48 passed; 2 failed; 0 ignored; 0 measured; 0 filtered out; finished in 0.00s

error: test failed, to rerun pass `--test tests`
